// Jest Snapshot v1, https://goo.gl/fbAQLP

exports[`Pruebas en <FirstApp /> Debe hacer match con el snapshot 1`] = `
<div>
  <h1
    data-testid="test-title"
  >
     
    Hola Darwin
     
  </h1>
  <p>
    sin cuerpo asociado
  </p>
  <p>
    sin cuerpo asociado
  </p>
  <p>
    1
  </p>
</div>
`;
